hp@ubuntu:~$ ec2-run-instances ami-5394733a -k ec2-rails-keypair
The program 'ec2-run-instances' is currently not installed. You can install it by typing:
sudo apt-get install ec2-api-tools
hp@ubuntu:~$ which java
/usr/bin/java
hp@ubuntu:~$ export JAVA_HOME=/usr
hp@ubuntu:~$ $JAVA_HOME/bin/java -version
java version "1.7.0_25"
Java(TM) SE Runtime Environment (build 1.7.0_25-b15)
Java HotSpot(TM) Server VM (build 23.25-b01, mixed mode)
hp@ubuntu:~$ export EC2_HOME=~/Documents/ec2-api-tools-1.6.8.0
hp@ubuntu:~$ export PATH=$PATH:$EC2_HOME/bin
hp@ubuntu:~$ export AWS_ACCESS_KEY=AKIAIHOS2ZMN73PKB54Q
hp@ubuntu:~$ export AWS_SECRET_KEY=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
hp@ubuntu:~$ ec2-describe-regions
The program 'ec2-describe-regions' is currently not installed. You can install it by typing:
sudo apt-get install ec2-api-tools
hp@ubuntu:~$ EC2_HOME
EC2_HOME: command not found
hp@ubuntu:~$ export EC2_HOME=~/ec2-api-tools-1.6.8.0
hp@ubuntu:~$ ec2-describe-regions
The program 'ec2-describe-regions' is currently not installed. You can install it by typing:
sudo apt-get install ec2-api-tools
hp@ubuntu:~$ cd ec2-api-tools-1.6.8.0
hp@ubuntu:~/ec2-api-tools-1.6.8.0$ ls
bin  lib  license.txt  notice.txt  THIRDPARTYLICENSE.TXT
hp@ubuntu:~/ec2-api-tools-1.6.8.0$ export EC2_HOME=~/ec2-api-tools-1.6.8.0
hp@ubuntu:~/ec2-api-tools-1.6.8.0$ cd -
/home/hp
hp@ubuntu:~$ cd EC2_HOME
-bash: cd: EC2_HOME: No such file or directory
hp@ubuntu:~$ cd $EC2_HOME
hp@ubuntu:~/ec2-api-tools-1.6.8.0$ cd -
/home/hp
hp@ubuntu:~$ export PATH=$PATH:$EC2_HOME/bin
hp@ubuntu:~$ ec2-describe-regions
REGION	eu-west-1	ec2.eu-west-1.amazonaws.com
REGION	sa-east-1	ec2.sa-east-1.amazonaws.com
REGION	us-east-1	ec2.us-east-1.amazonaws.com
REGION	ap-northeast-1	ec2.ap-northeast-1.amazonaws.com
REGION	us-west-2	ec2.us-west-2.amazonaws.com
REGION	us-west-1	ec2.us-west-1.amazonaws.com
REGION	ap-southeast-1	ec2.ap-southeast-1.amazonaws.com
REGION	ap-southeast-2	ec2.ap-southeast-2.amazonaws.com
hp@ubuntu:~$ ec2-run-instances ami-5394733a -k ec2-rails-keypair
RESERVATION	r-cec910a4	759692882018	default
INSTANCE	i-1a575b73	ami-5394733a			pending	ec2-rails-keypair	0		m1.small	2013-08-02T05:43:10+0000	us-east-1b	aki-a71cf9ce	ari-a51cf9cc		monitoring-disabled	instance-store					paravirtual	xen		sg-f2af1899	default	false	
hp@ubuntu:~$ ec2-describe-instances i-1a575b73
RESERVATION	r-cec910a4	759692882018	default
INSTANCE	i-1a575b73	ami-5394733a	ec2-23-22-37-247.compute-1.amazonaws.com	ip-10-154-161-202.ec2.internal	pending	ec2-rails-keypair	0m1.small	2013-08-02T05:43:10+0000	us-east-1b	aki-a71cf9ce	ari-a51cf9cc		monitoring-disabled	23.22.37.247	10.154.161.202	instance-store					paravirtual	xen		sg-f2af1899	default	false	
hp@ubuntu:~$ ec2-describe-instances i-1a575b73
RESERVATION	r-cec910a4	759692882018	default
INSTANCE	i-1a575b73	ami-5394733a	ec2-23-22-37-247.compute-1.amazonaws.com	ip-10-154-161-202.ec2.internal	running	ec2-rails-keypair	0m1.small	2013-08-02T05:43:10+0000	us-east-1b	aki-a71cf9ce	ari-a51cf9cc		monitoring-disabled	23.22.37.247	10.154.161.202	instance-store					paravirtual	xen		sg-f2af1899	default	false	
hp@ubuntu:~$ ec2-authorize default -p 22
Client.InvalidPermission.Duplicate: The permission '0.0.0.0/0-1-22-22' has already been authorized on the specified group
hp@ubuntu:~$ ec2-authorize default -p 80
Client.InvalidPermission.Duplicate: The permission '0.0.0.0/0-1-80-80' has already been authorized on the specified group
hp@ubuntu:~$ ssh -i ~/.ssh/id_rsa-ec2-rails-keypair root@ec2-23-22-37-247.compute-1.amazonaws.com
The authenticity of host 'ec2-23-22-37-247.compute-1.amazonaws.com (23.22.37.247)' can't be established.
RSA key fingerprint is f9:dd:8e:f4:e2:b3:38:14:fb:64:0b:1c:97:a2:d7:f7.
Are you sure you want to continue connecting (yes/no)? yes
Warning: Permanently added 'ec2-23-22-37-247.compute-1.amazonaws.com,23.22.37.247' (RSA) to the list of known hosts.
Linux ip-10-154-161-202 2.6.21.7-2.fc8xen #1 SMP Fri Feb 15 12:39:36 EST 2008 i686

EC2 on Rails
Version 0.9.9.1
http://rubyforge.org/projects/ec2onrails/

Copyright 2007 Paul Dowman, http://pauldowman.com/

Base AMI built using Eric Hammond's EC2 Ubuntu script: 
http://alestic.com/

This is free software, and you are welcome to redistribute it under 
certain conditions. This software comes with ABSOLUTELY NO WARRANTY.
See /usr/local/ec2onrails/COPYING for details.
root@ec2-23-22-37-247-production:~# 
